// Jest Snapshot v1, https://goo.gl/fbAQLP

exports[`renders correctly 1`] = `
<div>
  <button
    aria-label={null}
    className="btn btn-primary"
    onClick={[Function]}
    type="button"
  >
    Create Artile
  </button>
  <table
    className="table table-bordered table-hover"
  >
    <thead>
      <tr>
        <th>
          Title
        </th>
        <th>
          Author
        </th>
        <th>
          Action
        </th>
      </tr>
    </thead>
    <tbody />
  </table>
</div>
`;
